starshuttle.shtl
leo1.suit
leo2.suit
leo3.suit
leo4.suit
leo5.suit
leo6.suit
leo7.suit
leo8.suit
leo9.suit
leo10.suit
leo11.suit
leo12.suit
leo13.suit
leo14.suit
leo15.suit
leo16.suit
leo17.suit
leo18.suit
leo19.suit
leo20.suit
leo21.suit
leo22.suit
leo23.suit
leo24.suit
leo25.suit
aries1.suit
aries2.suit
aries3.suit
aries4.suit
aries5.suit
aries6.suit
aries7.suit
aries8.suit
aries9.suit
aries10.suit
aries11.suit
aries12.suit
aries13.suit
aries14.suit
aries15.suit
aries16.suit
aries17.suit
aries18.suit
aries19.suit
aries20.suit
aries21.suit
aries22.suit
aries23.suit
aries24.suit
aries25.suit
serpent1.suit
serpent2.suit
serpent3.suit
serpent4.suit
serpent5.suit
serpent6.suit
serpent7.suit
serpent8.suit
serpent9.suit
serpent10.suit
serpent11.suit
serpent12.suit
serpent13.suit
serpent14.suit
serpent15.suit
serpent16.suit
serpent17.suit
serpent18.suit
serpent19.suit
serpent20.suit
serpent21.suit
serpent22.suit
serpent23.suit
serpent24.suit
serpent25.suit
taurus1.suit
taurus2.suit
taurus3.suit
taurus4.suit
taurus5.suit
taurus6.suit
taurus7.suit
taurus8.suit
taurus9.suit
taurus10.suit
taurus11.suit
taurus12.suit
taurus13.suit
taurus14.suit
taurus15.suit
taurus16.suit
taurus17.suit
taurus18.suit
taurus19.suit
taurus20.suit
taurus21.suit
taurus22.suit
taurus23.suit
taurus24.suit
taurus25.suit
mt01.transport
mt02.transport
mt03.transport
mt04.transport
mt05.transport
mt06.transport
mt07.transport
mt08.transport
mt09.transport
mt10.transport
Refuel.station
ps6541.shp
ps6542.shp
ps6543.shp
ps6544.shp
ps6545.shp
ps6546.shp
ps6547.shp
ps6548.shp
ps6549.shp
ps6550.shp
ps6551.shp
holosuith01.holo
holosuith02.holo
holosuith03.holo
holosuith04.holo
holosuith05.holo
holosuith06.holo
holosuith07.holo
holosuith08.holo
holosuith09.holo
holosuith10.holo
winggundam.gdm
deathscythe.gdm
heavyarms.gdm
sandrock.gdm
shenlong.gdm
tallgeese.gdm
vayeate.gdm
mercurius.gdm
altron.gdm
wingzero.gdm
dshell.gdm
tgeese2.gdm
tgeese3.gdm
epyon.gdm
barge.fortress
libra.fortress
peacemillion.fortress
testdoll.doll
test.doll
virgov01.doll
virgov02.doll
virgov03.doll
virgov04.doll
virgov05.doll
virgov06.doll
virgov07.doll
virgov08.doll
virgov09.doll
virgov10.doll
virgov11.doll
virgov12.doll
virgov13.doll
virgov14.doll
virgov15.doll
virgov16.doll
virgov17.doll
virgov18.doll
virgov19.doll
virgov20.doll
virgov21.doll
virgov22.doll
virgov23.doll
virgov24.doll
virgov25.doll
$