Number	4
Desc	allows players access to the new york ritz-carlton until they log out.~
End

Number	0
Desc	Allows access to the Training Center until the player logs out.~
End

Number	2
Desc	Allows access to Lever Land until the player logs out.~
End

Number	5
Desc	Allows access to Leppy's Magical Rainbow until the player logs out.~
End

Number	6
Desc	Prostitue quest - z64~
End

Number	7
Desc	Prostitue quest - z64~
End

Number	8
Desc	Prostitue quest - z64~
End

Number	9
Desc	Prostitue quest - z64~
End

Number	10
Desc	Prostitue quest - z64~
End

Number	11
Desc	Prostitue quest - z64~
End

Number	12
Desc	Prostitue quest - z64~
End

Number	13
Desc	Prostitue quest - z64~
End

Number	14
Desc	Prostitue quest - z64~
End

Number	15
Desc	Prostitue quest - z64~
End

Number	16
Desc	Prostitue quest - z64~
End

Number	1
Desc	Free~
End

Number	17
Desc	Prostitue quest - z64~
End

Number	18
Desc	Prostitue quest - z64~
End

Number	19
Desc	Started Quest for Eric on K46~
End

Number	40
Desc	Allows player to start the quest to join the secret police.~
End

Number	45
Desc	Wanted flag for P-VII~
End

#END
