Number	4
Desc	allows players access to the new york ritz-carlton permanently.~
End

Number	1
Desc	blah~
End

Number	2
Desc	Perminately allows entrace to Lever Land~
End

Number	0
Desc	5~
End

Number	5
Desc	Doesn't let player use star shuttle.~
End

Number	6
Desc	R28 Engineering supplies~
End

Number	7
Desc	Z64 advanced training~
End

Number	8
Desc	Able to ask Michael for the secret after giving him the dog toy.~
End

Number	9
Desc	Bit to talk to Ashleigh on X18999~
End

Number	10
Desc	Bit to talk to Michael on X18999~
End

Number	11
Desc	Starts mini-quest on X18999~
End

Number	12
Desc	Bit that enables the person to give fries to Jordan~
End

Number	33
Desc	Permanently allows access to Mayatla's room.~
End

Number	13
Desc	Player has received Crown of Conquest~
End

Number	14
Desc	Player has received set of Collar of War~
End

Number	15
Desc	Player has received Boots of Pestilence~
End

Number	16
Desc	Player has received Hands of Death~
End

Number	17
Desc	Player has received Greaves of the Alpha and Omega~
End

Number	18
Desc	Player has recieved The Epyon Helmet~
End

Number	19
Desc	Player has recieved The ZERO Armor~
End

Number	20
Desc	Player has recieved The Hyper Jammer~
End

#END
