zechx~
zechs~
you~
yes~
xidus~
wufei~
wolfwood~
wingzero~
wing~
waiting~
wait~
vayeate~
une~
ultima~
trowa~
treize~
trainer~
tim~
the~
thatswasfun~
teknoman~
taypeon~
tampon~
someone~
sirius~
shenlong~
shadowwolf~
sephiroth~
self~
sandrock~
sally~
roxas~
roflmao~
riku~
revolution~
relena~
quit~
puff~
pizza~
osama~
noone~
noname~
noin~
nobody~
no~
nipple~
newbie~
nataku~
namushkanara~
names~
mrpee~
mrgrimm~
milliardo~
mercurius~
magical~
loser~
legionary~
jomamma~
joe~
jesus~
icannotplay~
homo~
hitler~
hiro~
herro~
hero~
herbert~
help~
halycon~
haha~
gundom~
guest~
guard~
gouk~
gook~
goofball~
god~
gimp~
fuku~
downsyndrome~
dog~
doctorquin~
deathsythe~
deathscythe~
death~
darkshadow~
damnit~
cypherpunk~
cronusclone~
craysdad~
crayon~
cody~
cloud~
claude~
cityguard~
chink~
cat~
canitalk~
canadiasux~
binladen~
bedder~
beatrix~
bastard~
bah~
auto~
athrun~
arhrun~
all~
adolfhitler~
adolf~
*whore~
*shit~
*piss~
*penis~
*nigger~
*newname~
*neo~
*megaman~
*kanada~
*justin~
*immortal~
*holo~
*hmm~
*heavy~
*haha~
*gundam~
*gay~
*fuck~
*fag~
*duo~
*dbz~
*crap~
*cock~
*canada~
*bitch~
*ass~
$~
